{"type":"server-started","port":55710,"host":"127.0.0.1","url_host":"localhost","url":"http://localhost:55710","screen_dir":"/Users/dalehealyegan/Desktop/CrossFit/crossfit-app/.superpowers/brainstorm/4032-1776319675"}
{"type":"screen-added","file":"/Users/dalehealyegan/Desktop/CrossFit/crossfit-app/.superpowers/brainstorm/4032-1776319675/globe-approaches.html"}
{"type":"screen-updated","file":"/Users/dalehealyegan/Desktop/CrossFit/crossfit-app/.superpowers/brainstorm/4032-1776319675/globe-approaches.html"}
{"type":"screen-updated","file":"/Users/dalehealyegan/Desktop/CrossFit/crossfit-app/.superpowers/brainstorm/4032-1776319675/globe-approaches.html"}
{"type":"screen-updated","file":"/Users/dalehealyegan/Desktop/CrossFit/crossfit-app/.superpowers/brainstorm/4032-1776319675/globe-approaches.html"}
{"type":"screen-updated","file":"/Users/dalehealyegan/Desktop/CrossFit/crossfit-app/.superpowers/brainstorm/4032-1776319675/globe-approaches.html"}
{"type":"screen-added","file":"/Users/dalehealyegan/Desktop/CrossFit/crossfit-app/.superpowers/brainstorm/4032-1776319675/scroll-phrases.html"}
{"type":"screen-updated","file":"/Users/dalehealyegan/Desktop/CrossFit/crossfit-app/.superpowers/brainstorm/4032-1776319675/scroll-phrases.html"}
{"type":"screen-updated","file":"/Users/dalehealyegan/Desktop/CrossFit/crossfit-app/.superpowers/brainstorm/4032-1776319675/scroll-phrases.html"}
{"type":"screen-updated","file":"/Users/dalehealyegan/Desktop/CrossFit/crossfit-app/.superpowers/brainstorm/4032-1776319675/scroll-phrases.html"}
{"type":"screen-updated","file":"/Users/dalehealyegan/Desktop/CrossFit/crossfit-app/.superpowers/brainstorm/4032-1776319675/scroll-phrases.html"}
{"type":"screen-added","file":"/Users/dalehealyegan/Desktop/CrossFit/crossfit-app/.superpowers/brainstorm/4032-1776319675/scroll-pinned-demo.html"}
{"type":"screen-updated","file":"/Users/dalehealyegan/Desktop/CrossFit/crossfit-app/.superpowers/brainstorm/4032-1776319675/scroll-pinned-demo.html"}
{"type":"screen-updated","file":"/Users/dalehealyegan/Desktop/CrossFit/crossfit-app/.superpowers/brainstorm/4032-1776319675/scroll-pinned-demo.html"}
{"type":"screen-updated","file":"/Users/dalehealyegan/Desktop/CrossFit/crossfit-app/.superpowers/brainstorm/4032-1776319675/scroll-pinned-demo.html"}
{"type":"screen-added","file":"/Users/dalehealyegan/Desktop/CrossFit/crossfit-app/.superpowers/brainstorm/4032-1776319675/scroll-pinned-light.html"}
{"type":"screen-updated","file":"/Users/dalehealyegan/Desktop/CrossFit/crossfit-app/.superpowers/brainstorm/4032-1776319675/scroll-pinned-light.html"}
{"type":"screen-updated","file":"/Users/dalehealyegan/Desktop/CrossFit/crossfit-app/.superpowers/brainstorm/4032-1776319675/scroll-pinned-light.html"}
{"type":"screen-updated","file":"/Users/dalehealyegan/Desktop/CrossFit/crossfit-app/.superpowers/brainstorm/4032-1776319675/scroll-pinned-light.html"}
{"type":"screen-added","file":"/Users/dalehealyegan/Desktop/CrossFit/crossfit-app/.superpowers/brainstorm/4032-1776319675/scroll-pinned-light-v2.html"}
{"type":"screen-updated","file":"/Users/dalehealyegan/Desktop/CrossFit/crossfit-app/.superpowers/brainstorm/4032-1776319675/scroll-pinned-light-v2.html"}
{"type":"screen-updated","file":"/Users/dalehealyegan/Desktop/CrossFit/crossfit-app/.superpowers/brainstorm/4032-1776319675/scroll-pinned-light-v2.html"}
{"type":"screen-updated","file":"/Users/dalehealyegan/Desktop/CrossFit/crossfit-app/.superpowers/brainstorm/4032-1776319675/scroll-pinned-light-v2.html"}
{"type":"screen-added","file":"/Users/dalehealyegan/Desktop/CrossFit/crossfit-app/.superpowers/brainstorm/4032-1776319675/wod-cards-hover.html"}
{"type":"screen-updated","file":"/Users/dalehealyegan/Desktop/CrossFit/crossfit-app/.superpowers/brainstorm/4032-1776319675/wod-cards-hover.html"}
{"type":"screen-updated","file":"/Users/dalehealyegan/Desktop/CrossFit/crossfit-app/.superpowers/brainstorm/4032-1776319675/wod-cards-hover.html"}
{"type":"screen-updated","file":"/Users/dalehealyegan/Desktop/CrossFit/crossfit-app/.superpowers/brainstorm/4032-1776319675/wod-cards-hover.html"}
{"type":"screen-added","file":"/Users/dalehealyegan/Desktop/CrossFit/crossfit-app/.superpowers/brainstorm/4032-1776319675/wod-cards-v2.html"}
{"type":"screen-updated","file":"/Users/dalehealyegan/Desktop/CrossFit/crossfit-app/.superpowers/brainstorm/4032-1776319675/wod-cards-v2.html"}
{"type":"screen-updated","file":"/Users/dalehealyegan/Desktop/CrossFit/crossfit-app/.superpowers/brainstorm/4032-1776319675/wod-cards-v2.html"}
{"type":"screen-updated","file":"/Users/dalehealyegan/Desktop/CrossFit/crossfit-app/.superpowers/brainstorm/4032-1776319675/wod-cards-v2.html"}
{"type":"screen-added","file":"/Users/dalehealyegan/Desktop/CrossFit/crossfit-app/.superpowers/brainstorm/4032-1776319675/wod-cards-v3.html"}
{"type":"screen-updated","file":"/Users/dalehealyegan/Desktop/CrossFit/crossfit-app/.superpowers/brainstorm/4032-1776319675/wod-cards-v3.html"}
{"type":"screen-updated","file":"/Users/dalehealyegan/Desktop/CrossFit/crossfit-app/.superpowers/brainstorm/4032-1776319675/wod-cards-v3.html"}
{"type":"screen-updated","file":"/Users/dalehealyegan/Desktop/CrossFit/crossfit-app/.superpowers/brainstorm/4032-1776319675/wod-cards-v3.html"}
{"type":"server-stopped","reason":"idle timeout"}
